// Jest Snapshot v1, https://goo.gl/fbAQLP

exports[`Image Test 1`] = `
<View>
  <Image
    source={1}
  />
</View>
`;
