// Jest Snapshot v1, https://goo.gl/fbAQLP

exports[`Testing for AwesomeAlert components snapshot testing for AwesomeAlert Should get render correctly 1`] = `
<Mocked Modal React Native
  style={
    Object {
      "alignSelf": "center",
      "backgroundColor": "#EEEEEE",
      "borderRadius": 30,
      "flex": 1,
      "height": "10%",
      "marginVertical": "50%",
      "position": "absolute",
      "width": "60%",
    }
  }
>
  <View
    accessible={true}
    collapsable={false}
    focusable={true}
    onBlur={[Function]}
    onClick={[Function]}
    onFocus={[Function]}
    onResponderGrant={[Function]}
    onResponderMove={[Function]}
    onResponderRelease={[Function]}
    onResponderTerminate={[Function]}
    onResponderTerminationRequest={[Function]}
    onStartShouldSetResponder={[Function]}
    testID="Close"
  >
    <Mocked Ionicons
      name="close"
      style={
        Object {
          "alignSelf": "flex-end",
          "backgroundColor": "#222831",
          "borderRadius": 50,
          "color": "#EEEEEE",
          "marginBottom": 20,
          "marginRight": 10,
          "padding": 8,
        }
      }
    />
  </View>
  <Text
    style={
      Object {
        "color": "#222831",
        "fontSize": 18,
        "fontWeight": "600",
        "textAlign": "center",
      }
    }
  >
    Choose image source :
  </Text>
  <View
    style={
      Object {
        "flexDirection": "row",
        "justifyContent": "space-evenly",
      }
    }
  >
    <View
      accessible={true}
      collapsable={false}
      focusable={true}
      onBlur={[Function]}
      onClick={[Function]}
      onFocus={[Function]}
      onResponderGrant={[Function]}
      onResponderMove={[Function]}
      onResponderRelease={[Function]}
      onResponderTerminate={[Function]}
      onResponderTerminationRequest={[Function]}
      onStartShouldSetResponder={[Function]}
      testID="openCamera"
    >
      <Mocked Ionicons
        name="camera"
        style={
          Object {
            "backgroundColor": "#222831",
            "borderRadius": 50,
            "color": "#EEEEEE",
            "fontSize": 24,
            "margin": 10,
            "padding": "10%",
          }
        }
      />
    </View>
    <View
      accessible={true}
      collapsable={false}
      focusable={true}
      onBlur={[Function]}
      onClick={[Function]}
      onFocus={[Function]}
      onResponderGrant={[Function]}
      onResponderMove={[Function]}
      onResponderRelease={[Function]}
      onResponderTerminate={[Function]}
      onResponderTerminationRequest={[Function]}
      onStartShouldSetResponder={[Function]}
      testID="openGallery"
    >
      <Mocked Ionicons
        name="image"
        style={
          Object {
            "backgroundColor": "#222831",
            "borderRadius": 50,
            "color": "#EEEEEE",
            "fontSize": 24,
            "margin": 10,
            "padding": "10%",
          }
        }
      />
    </View>
  </View>
</Mocked Modal React Native>
`;
