// Jest Snapshot v1, https://goo.gl/fbAQLP

exports[`Testing for ContactApp Screen Snapshot test for ContactApp Should render corretly 1`] = `
<View
  onLayout={[Function]}
  style={
    Object {
      "backgroundColor": "#222831",
      "flex": 1,
      "flexDirection": "column",
    }
  }
>
  <View
    style={
      Object {
        "flexDirection": "row",
        "justifyContent": "center",
      }
    }
  >
    <Text
      style={
        Object {
          "color": "#EEEEEE",
          "fontSize": 32,
          "fontWeight": "bold",
          "margin": "4%",
        }
      }
    >
      Contact
    </Text>
  </View>
  <Searchbar
    search=""
    setSearch={[Function]}
  />
  <View
    style={
      Object {
        "flex": 1,
      }
    }
  >
    <RCTScrollView
      data={Array []}
      getItem={[Function]}
      getItemCount={[Function]}
      keyExtractor={[Function]}
      onContentSizeChange={[Function]}
      onLayout={[Function]}
      onMomentumScrollBegin={[Function]}
      onMomentumScrollEnd={[Function]}
      onScroll={[Function]}
      onScrollBeginDrag={[Function]}
      onScrollEndDrag={[Function]}
      removeClippedSubviews={false}
      renderItem={[Function]}
      scrollEventThrottle={50}
      showsVerticalScrollIndicator={false}
      stickyHeaderIndices={Array []}
      testID="Flastlist"
      viewabilityConfigCallbackPairs={Array []}
    >
      <View />
    </RCTScrollView>
  </View>
  <View
    accessible={true}
    collapsable={false}
    focusable={true}
    onBlur={[Function]}
    onClick={[Function]}
    onFocus={[Function]}
    onResponderGrant={[Function]}
    onResponderMove={[Function]}
    onResponderRelease={[Function]}
    onResponderTerminate={[Function]}
    onResponderTerminationRequest={[Function]}
    onStartShouldSetResponder={[Function]}
    style={Object {}}
    testID="addContactButton"
  >
    <Icon
      name="add"
      style={
        Object {
          "alignSelf": "flex-end",
          "backgroundColor": "#44865a",
          "borderRadius": 50,
          "bottom": 0,
          "color": "#EEEEEE",
          "fontSize": 40,
          "margin": 10,
          "padding": 15,
          "position": "absolute",
        }
      }
    />
  </View>
  <AddContactModal
    setmodal={[Function]}
    showmodal={false}
  />
  <ContactCard
    Age=""
    first=""
    image=""
    last=""
    setshow={[Function]}
    show={false}
  />
  <EditContact
    age=""
    first=""
    id=""
    last=""
    photo=""
    setage={[Function]}
    setfirst={[Function]}
    setlast={[Function]}
    setphoto={[Function]}
    setshow={[Function]}
    show={false}
  />
  <AwesomeAlert
    closeOnHardwareBackPress={false}
    closeOnTouchOutside={false}
    confirmButtonColor="#00ADB5"
    confirmText="Restart application"
    message="Please check internet connection and restart application"
    show={false}
    showConfirmButton={true}
    title="Cannot connected to internet"
  />
</View>
`;
