// Jest Snapshot v1, https://goo.gl/fbAQLP

exports[`Render HelpModal Screen Snapshot for help modal screen Render correctly for Help Modal Screen 1`] = `
<Modal
  animationType="fade"
  hardwareAccelerated={false}
  transparent={true}
  visible={true}
>
  <View
    onLayout={[Function]}
    style={
      Object {
        "backgroundColor": "#393E46",
        "borderRadius": 30,
        "flex": 1,
        "height": "75%",
        "margin": "auto",
        "marginHorizontal": "5%",
        "marginVertical": "25%",
        "position": "absolute",
        "width": "90%",
      }
    }
  >
    <View
      style={
        Object {
          "flexDirection": "row",
          "justifyContent": "flex-end",
        }
      }
    >
      <View
        accessible={true}
        collapsable={false}
        focusable={true}
        onBlur={[Function]}
        onClick={[Function]}
        onFocus={[Function]}
        onResponderGrant={[Function]}
        onResponderMove={[Function]}
        onResponderRelease={[Function]}
        onResponderTerminate={[Function]}
        onResponderTerminationRequest={[Function]}
        onStartShouldSetResponder={[Function]}
        testID="setupVisibleModal"
      >
        <MockedIonicons
          name="close"
          style={
            Object {
              "color": "#EEEE",
              "fontSize": 30,
              "margin": 10,
            }
          }
        />
      </View>
    </View>
    <Text
      style={
        Object {
          "color": "#EEEE",
          "fontSize": 30,
          "fontWeight": "bold",
          "textAlign": "center",
        }
      }
    >
      How to use
    </Text>
    <View
      style={
        Object {
          "alignSelf": "center",
          "backgroundColor": "#222831",
          "borderRadius": 25,
          "height": "71%",
          "margin": 12,
          "paddingHorizontal": 20,
          "width": "92%",
        }
      }
    >
      <View
        style={
          Object {
            "flexDirection": "row",
          }
        }
      >
        <Text
          style={
            Object {
              "color": "#EEEE",
              "fontSize": 17,
              "paddingLeft": 6,
              "paddingVertical": 17,
            }
          }
        >
          1.
        </Text>
        <Text
          style={
            Object {
              "color": "#EEEE",
              "fontSize": 16,
              "paddingHorizontal": 12,
              "paddingVertical": 17,
            }
          }
        >
          For better convenience, please lock the app on background
        </Text>
      </View>
      <View
        style={
          Object {
            "flexDirection": "row",
          }
        }
      >
        <Text
          style={
            Object {
              "color": "#EEEE",
              "fontSize": 17,
              "paddingLeft": 6,
              "paddingVertical": 17,
            }
          }
        >
          2.
        </Text>
        <Text
          style={
            Object {
              "color": "#EEEE",
              "fontSize": 16,
              "paddingHorizontal": 12,
              "paddingVertical": 17,
            }
          }
        >
          Before use Doro Timer, you can set your timer that set for you in setting button
        </Text>
      </View>
      <View
        style={
          Object {
            "flexDirection": "row",
          }
        }
      >
        <Text
          style={
            Object {
              "color": "#EEEE",
              "fontSize": 17,
              "paddingLeft": 6,
              "paddingVertical": 17,
            }
          }
        >
          3.
        </Text>
        <Text
          style={
            Object {
              "color": "#EEEE",
              "fontSize": 16,
              "paddingHorizontal": 12,
              "paddingVertical": 17,
            }
          }
        >
          To start timer, press play button, and to pause press pause button. Button will change every you press the button
        </Text>
      </View>
      <View
        style={
          Object {
            "flexDirection": "row",
          }
        }
      >
        <Text
          style={
            Object {
              "color": "#EEEE",
              "fontSize": 17,
              "paddingLeft": 6,
              "paddingVertical": 17,
            }
          }
        >
          4.
        </Text>
        <Text
          style={
            Object {
              "color": "#EEEE",
              "fontSize": 16,
              "paddingHorizontal": 12,
              "paddingVertical": 17,
            }
          }
        >
          To stop timer, press stop button, timer will get reset to first condition
        </Text>
      </View>
      <View
        style={
          Object {
            "flexDirection": "row",
          }
        }
      >
        <Text
          style={
            Object {
              "color": "#EEEE",
              "fontSize": 17,
              "paddingLeft": 6,
              "paddingVertical": 17,
            }
          }
        >
          5.
        </Text>
        <Text
          style={
            Object {
              "color": "#EEEE",
              "fontSize": 16,
              "paddingHorizontal": 12,
              "paddingVertical": 17,
            }
          }
        >
          When timer on you can't open setting, you must stop your timer first
        </Text>
      </View>
    </View>
    <View
      accessible={true}
      collapsable={false}
      focusable={true}
      onBlur={[Function]}
      onClick={[Function]}
      onFocus={[Function]}
      onResponderGrant={[Function]}
      onResponderMove={[Function]}
      onResponderRelease={[Function]}
      onResponderTerminate={[Function]}
      onResponderTerminationRequest={[Function]}
      onStartShouldSetResponder={[Function]}
      style={
        Object {
          "flexDirection": "row",
          "justifyContent": "center",
        }
      }
      testID="VisibleModal"
    >
      <Text
        style={
          Object {
            "backgroundColor": "#00ADB5",
            "borderRadius": 50,
            "color": "#EEEE",
            "fontSize": 22,
            "fontWeight": "bold",
            "padding": 10,
          }
        }
      >
        Close
      </Text>
    </View>
  </View>
</Modal>
`;
