// Jest Snapshot v1, https://goo.gl/fbAQLP

exports[`Render Setting Modal Screen Snapshot for Setting Should render correctly for setting modal 1`] = `
<Modal
  animationType="slide"
  hardwareAccelerated={false}
  transparent={true}
  visible={true}
>
  <View
    onLayout={[Function]}
    style={
      Object {
        "backgroundColor": "#393E46",
        "borderRadius": 30,
        "flex": 1,
        "height": 933.8,
        "margin": "auto",
        "marginHorizontal": "5%",
        "marginVertical": "27%",
        "width": 675,
      }
    }
  >
    <View
      style={
        Object {
          "flexDirection": "row",
          "justifyContent": "center",
        }
      }
    >
      <Text
        style={
          Object {
            "color": "#EEEEEE",
            "fontSize": 22,
            "fontWeight": "bold",
            "margin": 10,
          }
        }
      >
        Settings
      </Text>
    </View>
    <View
      style={
        Object {
          "backgroundColor": "#222831",
          "borderRadius": 20,
          "marginHorizontal": 20,
          "marginVertical": 20,
        }
      }
    >
      <Text
        style={
          Object {
            "color": "#EEEEEE",
            "fontSize": 16,
            "fontWeight": "bold",
            "marginTop": 7,
            "textAlign": "center",
          }
        }
      >
        Set Work Timer
      </Text>
      <View
        style={
          Object {
            "flexDirection": "row",
            "justifyContent": "center",
          }
        }
      >
        <TextInput
          keyboardType="number-pad"
          onChangeText={[Function]}
          placeholder="00"
          placeholderTextColor="#EEEEEE"
          style={
            Object {
              "borderBottomColor": "#eeeeee",
              "borderBottomWidth": 2,
              "color": "#EEEEEE",
              "fontSize": 18,
              "margin": 10,
              "marginHorizontal": 8,
              "padding": 10,
              "textAlign": "center",
            }
          }
          testID="sethour"
          value=""
        />
        <TextInput
          keyboardType="number-pad"
          onChangeText={[Function]}
          placeholder="00"
          placeholderTextColor="#EEEEEE"
          style={
            Object {
              "borderBottomColor": "#eeeeee",
              "borderBottomWidth": 2,
              "color": "#EEEEEE",
              "fontSize": 18,
              "margin": 10,
              "marginHorizontal": 8,
              "padding": 10,
              "textAlign": "center",
            }
          }
          testID="setminute"
          value=""
        />
        <TextInput
          keyboardType="number-pad"
          onChangeText={[Function]}
          placeholder="00"
          placeholderTextColor="#EEEEEE"
          style={
            Object {
              "borderBottomColor": "#eeeeee",
              "borderBottomWidth": 2,
              "color": "#EEEEEE",
              "fontSize": 18,
              "margin": 10,
              "marginHorizontal": 8,
              "padding": 10,
              "textAlign": "center",
            }
          }
          testID="setsecond"
          value=""
        />
      </View>
    </View>
    <View
      style={
        Object {
          "backgroundColor": "#222831",
          "borderRadius": 20,
          "marginHorizontal": 20,
          "marginVertical": 20,
        }
      }
    >
      <Text
        style={
          Object {
            "color": "#EEEEEE",
            "fontSize": 16,
            "fontWeight": "bold",
            "marginTop": 7,
            "textAlign": "center",
          }
        }
      >
        Set Short Break Timer
      </Text>
      <View
        style={
          Object {
            "flexDirection": "row",
            "justifyContent": "center",
          }
        }
      >
        <TextInput
          keyboardType="number-pad"
          onChangeText={[Function]}
          placeholder="00"
          placeholderTextColor="#EEEEEE"
          style={
            Object {
              "borderBottomColor": "#eeeeee",
              "borderBottomWidth": 2,
              "color": "#EEEEEE",
              "fontSize": 18,
              "margin": 10,
              "marginHorizontal": 8,
              "padding": 10,
              "textAlign": "center",
            }
          }
          testID="setshortminute"
          value=""
        />
        <TextInput
          keyboardType="number-pad"
          onChangeText={[Function]}
          placeholder="00"
          placeholderTextColor="#EEEEEE"
          style={
            Object {
              "borderBottomColor": "#eeeeee",
              "borderBottomWidth": 2,
              "color": "#EEEEEE",
              "fontSize": 18,
              "margin": 10,
              "marginHorizontal": 8,
              "padding": 10,
              "textAlign": "center",
            }
          }
          testID="setshortsecond"
          value=""
        />
      </View>
    </View>
    <View
      style={
        Object {
          "backgroundColor": "#222831",
          "borderRadius": 20,
          "marginHorizontal": 20,
          "marginVertical": 20,
        }
      }
    >
      <Text
        style={
          Object {
            "color": "#EEEEEE",
            "fontSize": 16,
            "fontWeight": "bold",
            "marginTop": 7,
            "textAlign": "center",
          }
        }
      >
        Set Long Break Timer
      </Text>
      <View
        style={
          Object {
            "flexDirection": "row",
            "justifyContent": "center",
          }
        }
      >
        <TextInput
          keyboardType="number-pad"
          onChangeText={[Function]}
          placeholder="00"
          placeholderTextColor="#EEEEEE"
          style={
            Object {
              "borderBottomColor": "#eeeeee",
              "borderBottomWidth": 2,
              "color": "#EEEEEE",
              "fontSize": 18,
              "margin": 10,
              "marginHorizontal": 8,
              "padding": 10,
              "textAlign": "center",
            }
          }
          testID="setlongminute"
          value=""
        />
        <TextInput
          keyboardType="number-pad"
          onChangeText={[Function]}
          placeholder="00"
          placeholderTextColor="#EEEEEE"
          style={
            Object {
              "borderBottomColor": "#eeeeee",
              "borderBottomWidth": 2,
              "color": "#EEEEEE",
              "fontSize": 18,
              "margin": 10,
              "marginHorizontal": 8,
              "padding": 10,
              "textAlign": "center",
            }
          }
          testID="setlongsecond"
          value=""
        />
      </View>
    </View>
    <View
      style={
        Object {
          "flexDirection": "row",
          "justifyContent": "space-evenly",
        }
      }
    >
      <View
        accessible={true}
        collapsable={false}
        focusable={true}
        onBlur={[Function]}
        onClick={[Function]}
        onFocus={[Function]}
        onResponderGrant={[Function]}
        onResponderMove={[Function]}
        onResponderRelease={[Function]}
        onResponderTerminate={[Function]}
        onResponderTerminationRequest={[Function]}
        onStartShouldSetResponder={[Function]}
        testID="CloseSetting"
      >
        <Text
          style={
            Object {
              "backgroundColor": "#00ADB5",
              "borderRadius": 50,
              "color": "#EEEEEE",
              "fontSize": 20,
              "fontWeight": "bold",
              "marginTop": 30,
              "padding": 15,
            }
          }
        >
          Cancel
        </Text>
      </View>
      <View
        accessible={true}
        collapsable={false}
        focusable={true}
        onBlur={[Function]}
        onClick={[Function]}
        onFocus={[Function]}
        onResponderGrant={[Function]}
        onResponderMove={[Function]}
        onResponderRelease={[Function]}
        onResponderTerminate={[Function]}
        onResponderTerminationRequest={[Function]}
        onStartShouldSetResponder={[Function]}
        testID="SaveSetting"
      >
        <Text
          style={
            Object {
              "backgroundColor": "#00ADB5",
              "borderRadius": 50,
              "color": "#EEEEEE",
              "fontSize": 20,
              "fontWeight": "bold",
              "marginTop": 30,
              "padding": 15,
            }
          }
        >
          Save
        </Text>
      </View>
    </View>
  </View>
</Modal>
`;
