// Jest Snapshot v1, https://goo.gl/fbAQLP

exports[`Render correctly for pomodoro screen 1`] = `<pomodoro />`;
