// Jest Snapshot v1, https://goo.gl/fbAQLP

exports[`Snap test Home pages 1`] = `
<View
  style={
    Object {
      "backgroundColor": "#FFF",
      "flex": 1,
    }
  }
>
  <View
    style={
      Object {
        "flexDirection": "row",
        "justifyContent": "center",
      }
    }
  >
    <Text
      style={
        Object {
          "color": "black",
          "fontSize": 24,
          "fontWeight": "500",
          "marginTop": 5,
        }
      }
    >
      Contacts
    </Text>
  </View>
  <View>
    <View
      style={
        Object {
          "backgroundColor": "lightgrey",
          "borderRadius": 60,
          "flexDirection": "row",
          "height": 50,
          "justifyContent": "center",
          "marginHorizontal": 20,
          "marginVertical": 10,
        }
      }
    >
      <MockedIonicons
        name="search"
        size={28}
        style={
          Object {
            "alignSelf": "center",
            "color": "black",
            "marginHorizontal": 10,
          }
        }
      />
      <TextInput
        autoCapitalize="none"
        autoCorrect={false}
        onChangeText={[Function]}
        placeholder="Search contact"
        style={
          Object {
            "flex": 1,
            "fontSize": 17,
          }
        }
        value=""
      />
    </View>
  </View>
  <View
    style={
      Object {
        "flex": 1,
      }
    }
  >
    <RCTScrollView
      data={Array []}
      getItem={[Function]}
      getItemCount={[Function]}
      keyExtractor={[Function]}
      onContentSizeChange={[Function]}
      onLayout={[Function]}
      onMomentumScrollBegin={[Function]}
      onMomentumScrollEnd={[Function]}
      onScroll={[Function]}
      onScrollBeginDrag={[Function]}
      onScrollEndDrag={[Function]}
      removeClippedSubviews={false}
      renderItem={[Function]}
      scrollEventThrottle={50}
      showsVerticalScrollIndicator={false}
      stickyHeaderIndices={Array []}
      viewabilityConfigCallbackPairs={Array []}
    >
      <View />
    </RCTScrollView>
  </View>
  <View
    style={Object {}}
  >
    <View
      accessible={true}
      collapsable={false}
      focusable={true}
      onBlur={[Function]}
      onClick={[Function]}
      onFocus={[Function]}
      onResponderGrant={[Function]}
      onResponderMove={[Function]}
      onResponderRelease={[Function]}
      onResponderTerminate={[Function]}
      onResponderTerminationRequest={[Function]}
      onStartShouldSetResponder={[Function]}
      style={
        Object {
          "alignItems": "flex-end",
        }
      }
      testID="myButton"
    >
      <MockedIonicons
        name="add"
        style={
          Object {
            "backgroundColor": "#00ae78",
            "borderRadius": 50,
            "bottom": 20,
            "color": "#f8ffff",
            "fontSize": 40,
            "padding": 10,
            "position": "absolute",
            "right": 13,
          }
        }
      />
    </View>
  </View>
</View>
`;
